// Jest Snapshot v1, https://goo.gl/fbAQLP

exports[`findGameDocument returns query results 1`] = `null`;

exports[`insertGameDocument returns query results 1`] = `
Game {
  "code": "",
  "players": Object {
    "available": Array [],
    "current": Array [],
  },
}
`;

exports[`updateGameDocument returns query results 1`] = `
Game {
  "code": "",
  "players": Object {
    "available": Array [],
    "current": Array [],
  },
}
`;
